Archive member included to satisfy reference by file (symbol)

/home/thor/Share/ESP8266_RTOS_SDK/examples/protocols/mqtt_thor/build/bootloader/main/libmain.a(bootloader_start.o)
                              (call_start_cpu)
/home/thor/Share/ESP8266_RTOS_SDK/examples/protocols/mqtt_thor/build/bootloader/bootloader_support/libbootloader_support.a(bootloader_init.o)
                              /home/thor/Share/ESP8266_RTOS_SDK/examples/protocols/mqtt_thor/build/bootloader/main/libmain.a(bootloader_start.o) (bootloader_init)
/home/thor/Share/ESP8266_RTOS_SDK/examples/protocols/mqtt_thor/build/bootloader/bootloader_support/libbootloader_support.a(bootloader_utility.o)
                              /home/thor/Share/ESP8266_RTOS_SDK/examples/protocols/mqtt_thor/build/bootloader/main/libmain.a(bootloader_start.o) (bootloader_utility_load_partition_table)
/home/thor/Share/ESP8266_RTOS_SDK/examples/protocols/mqtt_thor/build/bootloader/bootloader_support/libbootloader_support.a(bootloader_flash.o)
                              /home/thor/Share/ESP8266_RTOS_SDK/examples/protocols/mqtt_thor/build/bootloader/bootloader_support/libbootloader_support.a(bootloader_utility.o) (bootloader_mmap)
/home/thor/Share/ESP8266_RTOS_SDK/examples/protocols/mqtt_thor/build/bootloader/bootloader_support/libbootloader_support.a(bootloader_common.o)
                              /home/thor/Share/ESP8266_RTOS_SDK/examples/protocols/mqtt_thor/build/bootloader/bootloader_support/libbootloader_support.a(bootloader_utility.o) (bootloader_common_ota_select_valid)
/home/thor/Share/ESP8266_RTOS_SDK/examples/protocols/mqtt_thor/build/bootloader/bootloader_support/libbootloader_support.a(flash_partitions.o)
                              /home/thor/Share/ESP8266_RTOS_SDK/examples/protocols/mqtt_thor/build/bootloader/bootloader_support/libbootloader_support.a(bootloader_utility.o) (esp_partition_table_basic_verify)
/home/thor/Share/ESP8266_RTOS_SDK/examples/protocols/mqtt_thor/build/bootloader/bootloader_support/libbootloader_support.a(esp_image_format.o)
                              /home/thor/Share/ESP8266_RTOS_SDK/examples/protocols/mqtt_thor/build/bootloader/bootloader_support/libbootloader_support.a(bootloader_utility.o) (esp_image_load)
/home/thor/Share/ESP8266_RTOS_SDK/examples/protocols/mqtt_thor/build/bootloader/log/liblog.a(log.o)
                              /home/thor/Share/ESP8266_RTOS_SDK/examples/protocols/mqtt_thor/build/bootloader/main/libmain.a(bootloader_start.o) (esp_early_log_write)
/home/thor/Share/ESP8266_RTOS_SDK/examples/protocols/mqtt_thor/build/bootloader/esp8266/libesp8266.a(ets_printf.o)
                              /home/thor/Share/ESP8266_RTOS_SDK/examples/protocols/mqtt_thor/build/bootloader/log/liblog.a(log.o) (ets_vprintf)
/home/thor/Share/ESP8266_RTOS_SDK/examples/protocols/mqtt_thor/build/bootloader/util/libutil.a(crc.o)
                              /home/thor/Share/ESP8266_RTOS_SDK/examples/protocols/mqtt_thor/build/bootloader/bootloader_support/libbootloader_support.a(bootloader_common.o) (crc32_le)
/home/thor/esp/xtensa-lx106-elf/bin/../lib/gcc/xtensa-lx106-elf/4.8.5/libgcc.a(_udivsi3.o)
                              /home/thor/Share/ESP8266_RTOS_SDK/examples/protocols/mqtt_thor/build/bootloader/log/liblog.a(log.o) (__udivsi3)
/home/thor/esp/xtensa-lx106-elf/bin/../lib/gcc/xtensa-lx106-elf/4.8.5/libgcc.a(_umodsi3.o)
                              /home/thor/Share/ESP8266_RTOS_SDK/examples/protocols/mqtt_thor/build/bootloader/bootloader_support/libbootloader_support.a(bootloader_utility.o) (__umodsi3)

Allocating common symbols
Common symbol       size              file

esp_image_spi_freq_t
                    0x4               /home/thor/Share/ESP8266_RTOS_SDK/examples/protocols/mqtt_thor/build/bootloader/main/libmain.a(bootloader_start.o)

Discarded input sections

 .text          0x00000000        0x0 /home/thor/Share/ESP8266_RTOS_SDK/examples/protocols/mqtt_thor/build/bootloader/main/libmain.a(bootloader_start.o)
 .data          0x00000000        0x0 /home/thor/Share/ESP8266_RTOS_SDK/examples/protocols/mqtt_thor/build/bootloader/main/libmain.a(bootloader_start.o)
 .bss           0x00000000        0x0 /home/thor/Share/ESP8266_RTOS_SDK/examples/protocols/mqtt_thor/build/bootloader/main/libmain.a(bootloader_start.o)
 .xt.lit        0x00000000       0x18 /home/thor/Share/ESP8266_RTOS_SDK/examples/protocols/mqtt_thor/build/bootloader/main/libmain.a(bootloader_start.o)
 .xt.prop       0x00000000       0xe4 /home/thor/Share/ESP8266_RTOS_SDK/examples/protocols/mqtt_thor/build/bootloader/main/libmain.a(bootloader_start.o)
 COMMON         0x00000000        0x4 /home/thor/Share/ESP8266_RTOS_SDK/examples/protocols/mqtt_thor/build/bootloader/main/libmain.a(bootloader_start.o)
 .text          0x00000000        0x0 /home/thor/Share/ESP8266_RTOS_SDK/examples/protocols/mqtt_thor/build/bootloader/bootloader_support/libbootloader_support.a(bootloader_init.o)
 .data          0x00000000        0x0 /home/thor/Share/ESP8266_RTOS_SDK/examples/protocols/mqtt_thor/build/bootloader/bootloader_support/libbootloader_support.a(bootloader_init.o)
 .bss           0x00000000        0x0 /home/thor/Share/ESP8266_RTOS_SDK/examples/protocols/mqtt_thor/build/bootloader/bootloader_support/libbootloader_support.a(bootloader_init.o)
 .xt.lit        0x00000000       0x20 /home/thor/Share/ESP8266_RTOS_SDK/examples/protocols/mqtt_thor/build/bootloader/bootloader_support/libbootloader_support.a(bootloader_init.o)
 .xt.prop       0x00000000      0x24c /home/thor/Share/ESP8266_RTOS_SDK/examples/protocols/mqtt_thor/build/bootloader/bootloader_support/libbootloader_support.a(bootloader_init.o)
 .text          0x00000000        0x0 /home/thor/Share/ESP8266_RTOS_SDK/examples/protocols/mqtt_thor/build/bootloader/bootloader_support/libbootloader_support.a(bootloader_utility.o)
 .data          0x00000000        0x0 /home/thor/Share/ESP8266_RTOS_SDK/examples/protocols/mqtt_thor/build/bootloader/bootloader_support/libbootloader_support.a(bootloader_utility.o)
 .bss           0x00000000        0x0 /home/thor/Share/ESP8266_RTOS_SDK/examples/protocols/mqtt_thor/build/bootloader/bootloader_support/libbootloader_support.a(bootloader_utility.o)
 .xt.lit        0x00000000       0x30 /home/thor/Share/ESP8266_RTOS_SDK/examples/protocols/mqtt_thor/build/bootloader/bootloader_support/libbootloader_support.a(bootloader_utility.o)
 .xt.prop       0x00000000      0x504 /home/thor/Share/ESP8266_RTOS_SDK/examples/protocols/mqtt_thor/build/bootloader/bootloader_support/libbootloader_support.a(bootloader_utility.o)
 .literal.bootloader_flash_write
                0x00000000       0x28 /home/thor/Share/ESP8266_RTOS_SDK/examples/protocols/mqtt_thor/build/bootloader/bootloader_support/libbootloader_support.a(bootloader_flash.o)
 .literal.bootloader_flash_erase_sector
                0x00000000        0x4 /home/thor/Share/ESP8266_RTOS_SDK/examples/protocols/mqtt_thor/build/bootloader/bootloader_support/libbootloader_support.a(bootloader_flash.o)
 .text          0x00000000        0x0 /home/thor/Share/ESP8266_RTOS_SDK/examples/protocols/mqtt_thor/build/bootloader/bootloader_support/libbootloader_support.a(bootloader_flash.o)
 .data          0x00000000        0x0 /home/thor/Share/ESP8266_RTOS_SDK/examples/protocols/mqtt_thor/build/bootloader/bootloader_support/libbootloader_support.a(bootloader_flash.o)
 .bss           0x00000000        0x0 /home/thor/Share/ESP8266_RTOS_SDK/examples/protocols/mqtt_thor/build/bootloader/bootloader_support/libbootloader_support.a(bootloader_flash.o)
 .text.bootloader_flash_write
                0x00000000       0x9d /home/thor/Share/ESP8266_RTOS_SDK/examples/protocols/mqtt_thor/build/bootloader/bootloader_support/libbootloader_support.a(bootloader_flash.o)
 .text.bootloader_flash_erase_sector
                0x00000000       0x15 /home/thor/Share/ESP8266_RTOS_SDK/examples/protocols/mqtt_thor/build/bootloader/bootloader_support/libbootloader_support.a(bootloader_flash.o)
 .xt.lit        0x00000000       0x30 /home/thor/Share/ESP8266_RTOS_SDK/examples/protocols/mqtt_thor/build/bootloader/bootloader_support/libbootloader_support.a(bootloader_flash.o)
 .xt.prop       0x00000000      0x204 /home/thor/Share/ESP8266_RTOS_SDK/examples/protocols/mqtt_thor/build/bootloader/bootloader_support/libbootloader_support.a(bootloader_flash.o)
 .text          0x00000000        0x0 /home/thor/Share/ESP8266_RTOS_SDK/examples/protocols/mqtt_thor/build/bootloader/bootloader_support/libbootloader_support.a(bootloader_common.o)
 .data          0x00000000        0x0 /home/thor/Share/ESP8266_RTOS_SDK/examples/protocols/mqtt_thor/build/bootloader/bootloader_support/libbootloader_support.a(bootloader_common.o)
 .bss           0x00000000        0x0 /home/thor/Share/ESP8266_RTOS_SDK/examples/protocols/mqtt_thor/build/bootloader/bootloader_support/libbootloader_support.a(bootloader_common.o)
 .xt.lit        0x00000000       0x10 /home/thor/Share/ESP8266_RTOS_SDK/examples/protocols/mqtt_thor/build/bootloader/bootloader_support/libbootloader_support.a(bootloader_common.o)
 .xt.prop       0x00000000       0x90 /home/thor/Share/ESP8266_RTOS_SDK/examples/protocols/mqtt_thor/build/bootloader/bootloader_support/libbootloader_support.a(bootloader_common.o)
 .text          0x00000000        0x0 /home/thor/Share/ESP8266_RTOS_SDK/examples/protocols/mqtt_thor/build/bootloader/bootloader_support/libbootloader_support.a(flash_partitions.o)
 .data          0x00000000        0x0 /home/thor/Share/ESP8266_RTOS_SDK/examples/protocols/mqtt_thor/build/bootloader/bootloader_support/libbootloader_support.a(flash_partitions.o)
 .bss           0x00000000        0x0 /home/thor/Share/ESP8266_RTOS_SDK/examples/protocols/mqtt_thor/build/bootloader/bootloader_support/libbootloader_support.a(flash_partitions.o)
 .xt.lit        0x00000000        0x8 /home/thor/Share/ESP8266_RTOS_SDK/examples/protocols/mqtt_thor/build/bootloader/bootloader_support/libbootloader_support.a(flash_partitions.o)
 .xt.prop       0x00000000       0xfc /home/thor/Share/ESP8266_RTOS_SDK/examples/protocols/mqtt_thor/build/bootloader/bootloader_support/libbootloader_support.a(flash_partitions.o)
 .literal.esp_image_verify_bootloader
                0x00000000        0x8 /home/thor/Share/ESP8266_RTOS_SDK/examples/protocols/mqtt_thor/build/bootloader/bootloader_support/libbootloader_support.a(esp_image_format.o)
 .text          0x00000000        0x0 /home/thor/Share/ESP8266_RTOS_SDK/examples/protocols/mqtt_thor/build/bootloader/bootloader_support/libbootloader_support.a(esp_image_format.o)
 .data          0x00000000        0x0 /home/thor/Share/ESP8266_RTOS_SDK/examples/protocols/mqtt_thor/build/bootloader/bootloader_support/libbootloader_support.a(esp_image_format.o)
 .bss           0x00000000        0x0 /home/thor/Share/ESP8266_RTOS_SDK/examples/protocols/mqtt_thor/build/bootloader/bootloader_support/libbootloader_support.a(esp_image_format.o)
 .text.esp_image_verify_bootloader
                0x00000000       0x41 /home/thor/Share/ESP8266_RTOS_SDK/examples/protocols/mqtt_thor/build/bootloader/bootloader_support/libbootloader_support.a(esp_image_format.o)
 .xt.lit        0x00000000       0x40 /home/thor/Share/ESP8266_RTOS_SDK/examples/protocols/mqtt_thor/build/bootloader/bootloader_support/libbootloader_support.a(esp_image_format.o)
 .xt.prop       0x00000000      0x444 /home/thor/Share/ESP8266_RTOS_SDK/examples/protocols/mqtt_thor/build/bootloader/bootloader_support/libbootloader_support.a(esp_image_format.o)
 .text          0x00000000        0x0 /home/thor/Share/ESP8266_RTOS_SDK/examples/protocols/mqtt_thor/build/bootloader/log/liblog.a(log.o)
 .data          0x00000000        0x0 /home/thor/Share/ESP8266_RTOS_SDK/examples/protocols/mqtt_thor/build/bootloader/log/liblog.a(log.o)
 .bss           0x00000000        0x0 /home/thor/Share/ESP8266_RTOS_SDK/examples/protocols/mqtt_thor/build/bootloader/log/liblog.a(log.o)
 .xt.lit        0x00000000        0x8 /home/thor/Share/ESP8266_RTOS_SDK/examples/protocols/mqtt_thor/build/bootloader/log/liblog.a(log.o)
 .xt.prop       0x00000000       0xb4 /home/thor/Share/ESP8266_RTOS_SDK/examples/protocols/mqtt_thor/build/bootloader/log/liblog.a(log.o)
 .text          0x00000000        0x0 /home/thor/Share/ESP8266_RTOS_SDK/examples/protocols/mqtt_thor/build/bootloader/esp8266/libesp8266.a(ets_printf.o)
 .data          0x00000000        0x0 /home/thor/Share/ESP8266_RTOS_SDK/examples/protocols/mqtt_thor/build/bootloader/esp8266/libesp8266.a(ets_printf.o)
 .bss           0x00000000        0x0 /home/thor/Share/ESP8266_RTOS_SDK/examples/protocols/mqtt_thor/build/bootloader/esp8266/libesp8266.a(ets_printf.o)
 .xt.lit        0x00000000        0x8 /home/thor/Share/ESP8266_RTOS_SDK/examples/protocols/mqtt_thor/build/bootloader/esp8266/libesp8266.a(ets_printf.o)
 .xt.prop       0x00000000       0x6c /home/thor/Share/ESP8266_RTOS_SDK/examples/protocols/mqtt_thor/build/bootloader/esp8266/libesp8266.a(ets_printf.o)
 .literal.crc16_le
                0x00000000        0x4 /home/thor/Share/ESP8266_RTOS_SDK/examples/protocols/mqtt_thor/build/bootloader/util/libutil.a(crc.o)
 .text          0x00000000        0x0 /home/thor/Share/ESP8266_RTOS_SDK/examples/protocols/mqtt_thor/build/bootloader/util/libutil.a(crc.o)
 .data          0x00000000        0x0 /home/thor/Share/ESP8266_RTOS_SDK/examples/protocols/mqtt_thor/build/bootloader/util/libutil.a(crc.o)
 .bss           0x00000000        0x0 /home/thor/Share/ESP8266_RTOS_SDK/examples/protocols/mqtt_thor/build/bootloader/util/libutil.a(crc.o)
 .text.crc16_le
                0x00000000       0x36 /home/thor/Share/ESP8266_RTOS_SDK/examples/protocols/mqtt_thor/build/bootloader/util/libutil.a(crc.o)
 .text.esp_crc8
                0x00000000       0x3e /home/thor/Share/ESP8266_RTOS_SDK/examples/protocols/mqtt_thor/build/bootloader/util/libutil.a(crc.o)
 .rodata.crc16_le_table
                0x00000000      0x200 /home/thor/Share/ESP8266_RTOS_SDK/examples/protocols/mqtt_thor/build/bootloader/util/libutil.a(crc.o)
 .xt.lit        0x00000000       0x10 /home/thor/Share/ESP8266_RTOS_SDK/examples/protocols/mqtt_thor/build/bootloader/util/libutil.a(crc.o)
 .xt.prop       0x00000000      0x114 /home/thor/Share/ESP8266_RTOS_SDK/examples/protocols/mqtt_thor/build/bootloader/util/libutil.a(crc.o)
 .data          0x00000000        0x0 /home/thor/esp/xtensa-lx106-elf/bin/../lib/gcc/xtensa-lx106-elf/4.8.5/libgcc.a(_udivsi3.o)
 .bss           0x00000000        0x0 /home/thor/esp/xtensa-lx106-elf/bin/../lib/gcc/xtensa-lx106-elf/4.8.5/libgcc.a(_udivsi3.o)
 .xt.prop       0x00000000       0x9c /home/thor/esp/xtensa-lx106-elf/bin/../lib/gcc/xtensa-lx106-elf/4.8.5/libgcc.a(_udivsi3.o)
 .data          0x00000000        0x0 /home/thor/esp/xtensa-lx106-elf/bin/../lib/gcc/xtensa-lx106-elf/4.8.5/libgcc.a(_umodsi3.o)
 .bss           0x00000000        0x0 /home/thor/esp/xtensa-lx106-elf/bin/../lib/gcc/xtensa-lx106-elf/4.8.5/libgcc.a(_umodsi3.o)
 .xt.prop       0x00000000       0x78 /home/thor/esp/xtensa-lx106-elf/bin/../lib/gcc/xtensa-lx106-elf/4.8.5/libgcc.a(_umodsi3.o)

Memory Configuration

Name             Origin             Length             Attributes
dport0_seg       0x3ff00000         0x00000010
dram_seg         0x3ffe8000         0x00018000
iram_seg         0x40100000         0x00008000
*default*        0x00000000         0xffffffff

Linker script and memory map

START GROUP
LOAD /home/thor/Share/ESP8266_RTOS_SDK/examples/protocols/mqtt_thor/build/bootloader/main/libmain.a
LOAD /home/thor/Share/ESP8266_RTOS_SDK/examples/protocols/mqtt_thor/build/bootloader/bootloader_support/libbootloader_support.a
LOAD /home/thor/Share/ESP8266_RTOS_SDK/examples/protocols/mqtt_thor/build/bootloader/spi_flash/libspi_flash.a
LOAD /home/thor/Share/ESP8266_RTOS_SDK/examples/protocols/mqtt_thor/build/bootloader/log/liblog.a
LOAD /home/thor/Share/ESP8266_RTOS_SDK/examples/protocols/mqtt_thor/build/bootloader/esp8266/libesp8266.a
LOAD /home/thor/Share/ESP8266_RTOS_SDK/examples/protocols/mqtt_thor/build/bootloader/util/libutil.a
LOAD /home/thor/esp/xtensa-lx106-elf/bin/../lib/gcc/xtensa-lx106-elf/4.8.5/libgcc.a
LOAD /home/thor/esp/xtensa-lx106-elf/bin/../lib/gcc/xtensa-lx106-elf/4.8.5/../../../../xtensa-lx106-elf/lib/libstdc++.a
LOAD /home/thor/esp/xtensa-lx106-elf/bin/../lib/gcc/xtensa-lx106-elf/4.8.5/libgcov.a
END GROUP

.text           0x40100000     0x1197
                0x40100000                _stext = .
                0x40100000                _text_start = ABSOLUTE (.)
                0x40100000                . = ALIGN (0x10)
 *(.entry.text)
 *(.init.literal)
 *(.init)
 *(.literal .text .literal.* .text.* .stub .gnu.warning .gnu.linkonce.literal.* .gnu.linkonce.t.*.literal .gnu.linkonce.t.*)
 .literal.selected_boot_partition
                0x40100000        0x0 /home/thor/Share/ESP8266_RTOS_SDK/examples/protocols/mqtt_thor/build/bootloader/main/libmain.a(bootloader_start.o)
                                  0x4 (size before relaxing)
 .literal.select_image
                0x40100000        0xc /home/thor/Share/ESP8266_RTOS_SDK/examples/protocols/mqtt_thor/build/bootloader/main/libmain.a(bootloader_start.o)
                                 0x1c (size before relaxing)
 .literal.call_start_cpu
                0x4010000c        0x0 /home/thor/Share/ESP8266_RTOS_SDK/examples/protocols/mqtt_thor/build/bootloader/main/libmain.a(bootloader_start.o)
                                  0xc (size before relaxing)
 .literal.print_flash_info
                0x4010000c       0x48 /home/thor/Share/ESP8266_RTOS_SDK/examples/protocols/mqtt_thor/build/bootloader/bootloader_support/libbootloader_support.a(bootloader_init.o)
                                 0x54 (size before relaxing)
 .literal.uart_console_configure
                0x40100054       0x20 /home/thor/Share/ESP8266_RTOS_SDK/examples/protocols/mqtt_thor/build/bootloader/bootloader_support/libbootloader_support.a(bootloader_init.o)
 .literal.bootloader_main
                0x40100074       0x10 /home/thor/Share/ESP8266_RTOS_SDK/examples/protocols/mqtt_thor/build/bootloader/bootloader_support/libbootloader_support.a(bootloader_init.o)
                                 0x2c (size before relaxing)
 .literal.bootloader_init
                0x40100084        0x8 /home/thor/Share/ESP8266_RTOS_SDK/examples/protocols/mqtt_thor/build/bootloader/bootloader_support/libbootloader_support.a(bootloader_init.o)
                                 0x10 (size before relaxing)
 .literal.log_invalid_app_partition
                0x4010008c       0x14 /home/thor/Share/ESP8266_RTOS_SDK/examples/protocols/mqtt_thor/build/bootloader/bootloader_support/libbootloader_support.a(bootloader_utility.o)
                                 0x20 (size before relaxing)
 .literal.try_load_partition
                0x401000a0        0x4 /home/thor/Share/ESP8266_RTOS_SDK/examples/protocols/mqtt_thor/build/bootloader/bootloader_support/libbootloader_support.a(bootloader_utility.o)
                                 0x10 (size before relaxing)
 .literal.bootloader_utility_load_partition_table
                0x401000a4       0x48 /home/thor/Share/ESP8266_RTOS_SDK/examples/protocols/mqtt_thor/build/bootloader/bootloader_support/libbootloader_support.a(bootloader_utility.o)
                                 0x70 (size before relaxing)
 .literal.bootloader_utility_get_selected_boot_partition
                0x401000ec       0x18 /home/thor/Share/ESP8266_RTOS_SDK/examples/protocols/mqtt_thor/build/bootloader/bootloader_support/libbootloader_support.a(bootloader_utility.o)
                                 0x5c (size before relaxing)
 .literal.bootloader_utility_load_boot_image
                0x40100104        0xc /home/thor/Share/ESP8266_RTOS_SDK/examples/protocols/mqtt_thor/build/bootloader/bootloader_support/libbootloader_support.a(bootloader_utility.o)
                                 0x40 (size before relaxing)
 .literal.bootloader_utility_load_image
                0x40100110       0x14 /home/thor/Share/ESP8266_RTOS_SDK/examples/protocols/mqtt_thor/build/bootloader/bootloader_support/libbootloader_support.a(bootloader_utility.o)
                                 0x1c (size before relaxing)
 .literal.bootloader_flash_read_no_decrypt
                0x40100124        0x4 /home/thor/Share/ESP8266_RTOS_SDK/examples/protocols/mqtt_thor/build/bootloader/bootloader_support/libbootloader_support.a(bootloader_flash.o)
 .literal.bootloader_mmap
                0x40100128       0x14 /home/thor/Share/ESP8266_RTOS_SDK/examples/protocols/mqtt_thor/build/bootloader/bootloader_support/libbootloader_support.a(bootloader_flash.o)
                                 0x28 (size before relaxing)
 .literal.bootloader_munmap
                0x4010013c        0x0 /home/thor/Share/ESP8266_RTOS_SDK/examples/protocols/mqtt_thor/build/bootloader/bootloader_support/libbootloader_support.a(bootloader_flash.o)
                                  0x8 (size before relaxing)
 .literal.bootloader_flash_read
                0x4010013c        0xc /home/thor/Share/ESP8266_RTOS_SDK/examples/protocols/mqtt_thor/build/bootloader/bootloader_support/libbootloader_support.a(bootloader_flash.o)
                                 0x20 (size before relaxing)
 .literal.bootloader_common_ota_select_crc
                0x40100148        0x0 /home/thor/Share/ESP8266_RTOS_SDK/examples/protocols/mqtt_thor/build/bootloader/bootloader_support/libbootloader_support.a(bootloader_common.o)
                                  0x4 (size before relaxing)
 .literal.bootloader_common_ota_select_valid
                0x40100148        0x0 /home/thor/Share/ESP8266_RTOS_SDK/examples/protocols/mqtt_thor/build/bootloader/bootloader_support/libbootloader_support.a(bootloader_common.o)
                                  0x4 (size before relaxing)
 .literal.esp_partition_table_basic_verify
                0x40100148       0x1c /home/thor/Share/ESP8266_RTOS_SDK/examples/protocols/mqtt_thor/build/bootloader/bootloader_support/libbootloader_support.a(flash_partitions.o)
                                 0x2c (size before relaxing)
 .literal.should_map
                0x40100164        0x4 /home/thor/Share/ESP8266_RTOS_SDK/examples/protocols/mqtt_thor/build/bootloader/bootloader_support/libbootloader_support.a(esp_image_format.o)
                                  0x8 (size before relaxing)
 .literal.should_load
                0x40100168        0x0 /home/thor/Share/ESP8266_RTOS_SDK/examples/protocols/mqtt_thor/build/bootloader/bootloader_support/libbootloader_support.a(esp_image_format.o)
                                  0x4 (size before relaxing)
 .literal.verify_image_header
                0x40100168       0x14 /home/thor/Share/ESP8266_RTOS_SDK/examples/protocols/mqtt_thor/build/bootloader/bootloader_support/libbootloader_support.a(esp_image_format.o)
                                 0x20 (size before relaxing)
 .literal.verify_checksum
                0x4010017c        0x4 /home/thor/Share/ESP8266_RTOS_SDK/examples/protocols/mqtt_thor/build/bootloader/bootloader_support/libbootloader_support.a(esp_image_format.o)
                                 0x14 (size before relaxing)
 .literal.process_segment_data
                0x40100180        0x4 /home/thor/Share/ESP8266_RTOS_SDK/examples/protocols/mqtt_thor/build/bootloader/bootloader_support/libbootloader_support.a(esp_image_format.o)
                                 0x14 (size before relaxing)
 .literal.process_segment
                0x40100184       0x18 /home/thor/Share/ESP8266_RTOS_SDK/examples/protocols/mqtt_thor/build/bootloader/bootloader_support/libbootloader_support.a(esp_image_format.o)
                                 0x40 (size before relaxing)
 .literal.esp_image_load
                0x4010019c       0x14 /home/thor/Share/ESP8266_RTOS_SDK/examples/protocols/mqtt_thor/build/bootloader/bootloader_support/libbootloader_support.a(esp_image_format.o)
                                 0x44 (size before relaxing)
 .literal.crc32_le
                0x401001b0        0x4 /home/thor/Share/ESP8266_RTOS_SDK/examples/protocols/mqtt_thor/build/bootloader/util/libutil.a(crc.o)
 .iram1.literal
                0x401001b4       0x20 /home/thor/Share/ESP8266_RTOS_SDK/examples/protocols/mqtt_thor/build/bootloader/log/liblog.a(log.o)
                                 0x38 (size before relaxing)
 .iram1.literal
                0x401001d4       0x14 /home/thor/Share/ESP8266_RTOS_SDK/examples/protocols/mqtt_thor/build/bootloader/esp8266/libesp8266.a(ets_printf.o)
 .text.selected_boot_partition
                0x401001e8        0xf /home/thor/Share/ESP8266_RTOS_SDK/examples/protocols/mqtt_thor/build/bootloader/main/libmain.a(bootloader_start.o)
                                 0x13 (size before relaxing)
 *fill*         0x401001f7        0x1 
 .text.select_image
                0x401001f8       0x68 /home/thor/Share/ESP8266_RTOS_SDK/examples/protocols/mqtt_thor/build/bootloader/main/libmain.a(bootloader_start.o)
                                 0x70 (size before relaxing)
 .text.call_start_cpu
                0x40100260       0x26 /home/thor/Share/ESP8266_RTOS_SDK/examples/protocols/mqtt_thor/build/bootloader/main/libmain.a(bootloader_start.o)
                                 0x2e (size before relaxing)
                0x40100260                call_start_cpu
 *fill*         0x40100286        0x2 
 .text.print_flash_info
                0x40100288       0xce /home/thor/Share/ESP8266_RTOS_SDK/examples/protocols/mqtt_thor/build/bootloader/bootloader_support/libbootloader_support.a(bootloader_init.o)
                                 0xd2 (size before relaxing)
 *fill*         0x40100356        0x2 
 .text.uart_console_configure
                0x40100358       0x87 /home/thor/Share/ESP8266_RTOS_SDK/examples/protocols/mqtt_thor/build/bootloader/bootloader_support/libbootloader_support.a(bootloader_init.o)
 *fill*         0x401003df        0x1 
 .text.bootloader_main
                0x401003e0       0x54 /home/thor/Share/ESP8266_RTOS_SDK/examples/protocols/mqtt_thor/build/bootloader/bootloader_support/libbootloader_support.a(bootloader_init.o)
                                 0x64 (size before relaxing)
 .text.bootloader_init
                0x40100434       0x2e /home/thor/Share/ESP8266_RTOS_SDK/examples/protocols/mqtt_thor/build/bootloader/bootloader_support/libbootloader_support.a(bootloader_init.o)
                0x40100434                bootloader_init
 *fill*         0x40100462        0x2 
 .text.log_invalid_app_partition
                0x40100464       0x50 /home/thor/Share/ESP8266_RTOS_SDK/examples/protocols/mqtt_thor/build/bootloader/bootloader_support/libbootloader_support.a(bootloader_utility.o)
 .text.try_load_partition
                0x401004b4       0x3d /home/thor/Share/ESP8266_RTOS_SDK/examples/protocols/mqtt_thor/build/bootloader/bootloader_support/libbootloader_support.a(bootloader_utility.o)
                                 0x41 (size before relaxing)
 *fill*         0x401004f1        0x3 
 .text.bootloader_utility_load_partition_table
                0x401004f4      0x16c /home/thor/Share/ESP8266_RTOS_SDK/examples/protocols/mqtt_thor/build/bootloader/bootloader_support/libbootloader_support.a(bootloader_utility.o)
                                0x180 (size before relaxing)
                0x401004f4                bootloader_utility_load_partition_table
 .text.bootloader_utility_get_selected_boot_partition
                0x40100660      0x147 /home/thor/Share/ESP8266_RTOS_SDK/examples/protocols/mqtt_thor/build/bootloader/bootloader_support/libbootloader_support.a(bootloader_utility.o)
                                0x157 (size before relaxing)
                0x40100660                bootloader_utility_get_selected_boot_partition
 *fill*         0x401007a7        0x1 
 .text.bootloader_utility_load_boot_image
                0x401007a8       0xd5 /home/thor/Share/ESP8266_RTOS_SDK/examples/protocols/mqtt_thor/build/bootloader/bootloader_support/libbootloader_support.a(bootloader_utility.o)
                                 0xf9 (size before relaxing)
                0x401007a8                bootloader_utility_load_boot_image
 *fill*         0x4010087d        0x3 
 .text.bootloader_utility_load_image
                0x40100880       0x69 /home/thor/Share/ESP8266_RTOS_SDK/examples/protocols/mqtt_thor/build/bootloader/bootloader_support/libbootloader_support.a(bootloader_utility.o)
                0x40100880                bootloader_utility_load_image
 *fill*         0x401008e9        0x3 
 .text.bootloader_flash_read_no_decrypt
                0x401008ec       0x15 /home/thor/Share/ESP8266_RTOS_SDK/examples/protocols/mqtt_thor/build/bootloader/bootloader_support/libbootloader_support.a(bootloader_flash.o)
 *fill*         0x40100901        0x3 
 .text.bootloader_mmap
                0x40100904       0x63 /home/thor/Share/ESP8266_RTOS_SDK/examples/protocols/mqtt_thor/build/bootloader/bootloader_support/libbootloader_support.a(bootloader_flash.o)
                                 0x67 (size before relaxing)
                0x40100904                bootloader_mmap
 *fill*         0x40100967        0x1 
 .text.bootloader_munmap
                0x40100968       0x23 /home/thor/Share/ESP8266_RTOS_SDK/examples/protocols/mqtt_thor/build/bootloader/bootloader_support/libbootloader_support.a(bootloader_flash.o)
                0x40100968                bootloader_munmap
 *fill*         0x4010098b        0x1 
 .text.bootloader_flash_read
                0x4010098c       0x68 /home/thor/Share/ESP8266_RTOS_SDK/examples/protocols/mqtt_thor/build/bootloader/bootloader_support/libbootloader_support.a(bootloader_flash.o)
                0x4010098c                bootloader_flash_read
 .text.bootloader_common_ota_select_crc
                0x401009f4       0x18 /home/thor/Share/ESP8266_RTOS_SDK/examples/protocols/mqtt_thor/build/bootloader/bootloader_support/libbootloader_support.a(bootloader_common.o)
                0x401009f4                bootloader_common_ota_select_crc
 .text.bootloader_common_ota_select_valid
                0x40100a0c       0x2c /home/thor/Share/ESP8266_RTOS_SDK/examples/protocols/mqtt_thor/build/bootloader/bootloader_support/libbootloader_support.a(bootloader_common.o)
                0x40100a0c                bootloader_common_ota_select_valid
 .text.esp_partition_table_basic_verify
                0x40100a38       0xef /home/thor/Share/ESP8266_RTOS_SDK/examples/protocols/mqtt_thor/build/bootloader/bootloader_support/libbootloader_support.a(flash_partitions.o)
                0x40100a38                esp_partition_table_basic_verify
 *fill*         0x40100b27        0x1 
 .text.should_map
                0x40100b28       0x15 /home/thor/Share/ESP8266_RTOS_SDK/examples/protocols/mqtt_thor/build/bootloader/bootloader_support/libbootloader_support.a(esp_image_format.o)
 *fill*         0x40100b3d        0x3 
 .text.should_load
                0x40100b40       0x19 /home/thor/Share/ESP8266_RTOS_SDK/examples/protocols/mqtt_thor/build/bootloader/bootloader_support/libbootloader_support.a(esp_image_format.o)
                                 0x1d (size before relaxing)
 *fill*         0x40100b59        0x3 
 .text.verify_image_header
                0x40100b5c       0x7d /home/thor/Share/ESP8266_RTOS_SDK/examples/protocols/mqtt_thor/build/bootloader/bootloader_support/libbootloader_support.a(esp_image_format.o)
                                 0x85 (size before relaxing)
 *fill*         0x40100bd9        0x3 
 .text.verify_checksum
                0x40100bdc       0x88 /home/thor/Share/ESP8266_RTOS_SDK/examples/protocols/mqtt_thor/build/bootloader/bootloader_support/libbootloader_support.a(esp_image_format.o)
                                 0x8c (size before relaxing)
 .text.process_segment_data
                0x40100c64       0x64 /home/thor/Share/ESP8266_RTOS_SDK/examples/protocols/mqtt_thor/build/bootloader/bootloader_support/libbootloader_support.a(esp_image_format.o)
                                 0x68 (size before relaxing)
 .text.process_segment
                0x40100cc8      0x117 /home/thor/Share/ESP8266_RTOS_SDK/examples/protocols/mqtt_thor/build/bootloader/bootloader_support/libbootloader_support.a(esp_image_format.o)
                                0x127 (size before relaxing)
 *fill*         0x40100ddf        0x1 
 .text.esp_image_load
                0x40100de0      0x194 /home/thor/Share/ESP8266_RTOS_SDK/examples/protocols/mqtt_thor/build/bootloader/bootloader_support/libbootloader_support.a(esp_image_format.o)
                                0x1a8 (size before relaxing)
                0x40100de0                esp_image_load
 .text.crc32_le
                0x40100f74       0x2f /home/thor/Share/ESP8266_RTOS_SDK/examples/protocols/mqtt_thor/build/bootloader/util/libutil.a(crc.o)
                0x40100f74                crc32_le
 *fill*         0x40100fa3        0x0 
 *fill*         0x40100fa3        0x0 
 *fill*         0x40100fa3        0x0 
 *fill*         0x40100fa3        0x0 
 *fill*         0x40100fa3        0x1 
 .text.index_to_partition
                0x40100fa4       0x4b /home/thor/Share/ESP8266_RTOS_SDK/examples/protocols/mqtt_thor/build/bootloader/bootloader_support/libbootloader_support.a(bootloader_utility.o)
 *fill*         0x40100fef        0x0 
 *fill*         0x40100fef        0x0 
 *fill*         0x40100fef        0x0 
 *fill*         0x40100fef        0x0 
 *fill*         0x40100fef        0x0 
 *fill*         0x40100fef        0x0 
 *fill*         0x40100fef        0x0 
 *fill*         0x40100fef        0x0 
 *fill*         0x40100fef        0x1 
 .text.verify_segment_header
                0x40100ff0        0x4 /home/thor/Share/ESP8266_RTOS_SDK/examples/protocols/mqtt_thor/build/bootloader/bootloader_support/libbootloader_support.a(esp_image_format.o)
 *fill*         0x40100ff4        0x0 
 *fill*         0x40100ff4        0x0 
 *fill*         0x40100ff4        0x0 
 *fill*         0x40100ff4        0x0 
 *fill*         0x40100ff4        0x0 
 .text          0x40100ff4       0x4c /home/thor/esp/xtensa-lx106-elf/bin/../lib/gcc/xtensa-lx106-elf/4.8.5/libgcc.a(_udivsi3.o)
                0x40100ff4                __udivsi3
 .text          0x40101040       0x39 /home/thor/esp/xtensa-lx106-elf/bin/../lib/gcc/xtensa-lx106-elf/4.8.5/libgcc.a(_umodsi3.o)
                0x40101040                __umodsi3
 *(.iram1 .iram1.*)
 *fill*         0x40101079        0x3 
 .iram1         0x4010107c       0xaa /home/thor/Share/ESP8266_RTOS_SDK/examples/protocols/mqtt_thor/build/bootloader/log/liblog.a(log.o)
                                 0xb8 (size before relaxing)
                0x40101094                esp_early_log_write
 *fill*         0x40101126        0x2 
 .iram1         0x40101128       0x6f /home/thor/Share/ESP8266_RTOS_SDK/examples/protocols/mqtt_thor/build/bootloader/esp8266/libesp8266.a(ets_printf.o)
                0x40101128                ets_putc
                0x4010114c                ets_vprintf
                0x40101170                ets_printf
 *fill*         0x40101197        0x0 
 *(.fini.literal)
 *(.fini)
 *(.gnu.version)
                0x40101197                _text_end = ABSOLUTE (.)
                0x40101197                _etext = .

.bss            0x3ffe8000        0x8
                0x3ffe8000                . = ALIGN (0x8)
                0x3ffe8000                _bss_start = ABSOLUTE (.)
 *(.dynsbss)
 *(.sbss)
 *(.sbss.*)
 *(.gnu.linkonce.sb.*)
 *(.scommon)
 *(.sbss2)
 *(.sbss2.*)
 *(.gnu.linkonce.sb2.*)
 *(.dynbss)
 *(.bss)
 *(.bss.*)
 .bss.mapped    0x3ffe8000        0x1 /home/thor/Share/ESP8266_RTOS_SDK/examples/protocols/mqtt_thor/build/bootloader/bootloader_support/libbootloader_support.a(bootloader_flash.o)
 *(.gnu.linkonce.b.*)
 *(COMMON)
                0x3ffe8008                . = ALIGN (0x8)
 *fill*         0x3ffe8001        0x7 
                0x3ffe8008                _bss_end = ABSOLUTE (.)

.data           0x3ffe8008        0x0
                0x3ffe8008                _data_start = ABSOLUTE (.)
 *(.data)
 *(.data.*)
 *(.gnu.linkonce.d.*)
 *(.data1)
 *(.sdata)
 *(.sdata.*)
 *(.gnu.linkonce.s.*)
 *(.sdata2)
 *(.sdata2.*)
 *(.gnu.linkonce.s2.*)
 *(.jcr)
                0x3ffe8008                _data_end = ABSOLUTE (.)

.rodata         0x3ffe8008      0xd64
                0x3ffe8008                _rodata_start = ABSOLUTE (.)
 *(.rodata)
 *(.rodata.*)
 .rodata.str1.4
                0x3ffe8008       0x24 /home/thor/Share/ESP8266_RTOS_SDK/examples/protocols/mqtt_thor/build/bootloader/main/libmain.a(bootloader_start.o)
 .rodata.str1.4
                0x3ffe802c      0x102 /home/thor/Share/ESP8266_RTOS_SDK/examples/protocols/mqtt_thor/build/bootloader/bootloader_support/libbootloader_support.a(bootloader_init.o)
                                0x10a (size before relaxing)
 *fill*         0x3ffe812e        0x2 
 .rodata.print_flash_info
                0x3ffe8130       0x28 /home/thor/Share/ESP8266_RTOS_SDK/examples/protocols/mqtt_thor/build/bootloader/bootloader_support/libbootloader_support.a(bootloader_init.o)
 .rodata.str1.4
                0x3ffe8158      0x38a /home/thor/Share/ESP8266_RTOS_SDK/examples/protocols/mqtt_thor/build/bootloader/bootloader_support/libbootloader_support.a(bootloader_utility.o)
                                0x392 (size before relaxing)
 *fill*         0x3ffe84e2        0x2 
 .rodata.str1.4
                0x3ffe84e4      0x17b /home/thor/Share/ESP8266_RTOS_SDK/examples/protocols/mqtt_thor/build/bootloader/bootloader_support/libbootloader_support.a(bootloader_flash.o)
 *fill*         0x3ffe865f        0x1 
 .rodata.str1.4
                0x3ffe8660       0xb4 /home/thor/Share/ESP8266_RTOS_SDK/examples/protocols/mqtt_thor/build/bootloader/bootloader_support/libbootloader_support.a(flash_partitions.o)
 .rodata.str1.4
                0x3ffe8714      0x217 /home/thor/Share/ESP8266_RTOS_SDK/examples/protocols/mqtt_thor/build/bootloader/bootloader_support/libbootloader_support.a(esp_image_format.o)
                                0x23f (size before relaxing)
 *fill*         0x3ffe892b        0x1 
 .rodata.str1.4
                0x3ffe892c       0x20 /home/thor/Share/ESP8266_RTOS_SDK/examples/protocols/mqtt_thor/build/bootloader/log/liblog.a(log.o)
                                 0x22 (size before relaxing)
 .rodata.s_log_prefix
                0x3ffe894c        0x6 /home/thor/Share/ESP8266_RTOS_SDK/examples/protocols/mqtt_thor/build/bootloader/log/liblog.a(log.o)
 *fill*         0x3ffe8952        0x2 
 .rodata.s_log_color
                0x3ffe8954       0x18 /home/thor/Share/ESP8266_RTOS_SDK/examples/protocols/mqtt_thor/build/bootloader/log/liblog.a(log.o)
 .rodata.crc32_le_table
                0x3ffe896c      0x400 /home/thor/Share/ESP8266_RTOS_SDK/examples/protocols/mqtt_thor/build/bootloader/util/libutil.a(crc.o)
 *(.gnu.linkonce.r.*)
 *(.rodata1)
                0x3ffe8d6c                __XT_EXCEPTION_TABLE_ = ABSOLUTE (.)
 *(.xt_except_table)
 *(.gcc_except_table)
 *(.gnu.linkonce.e.*)
 *(.gnu.version_r)
 *(.eh_frame)
                0x3ffe8d6c                . = ((. + 0x3) & 0xfffffffc)
                0x3ffe8d6c                __init_array_start = ABSOLUTE (.)
 *crtbegin.o(.ctors)
 *(EXCLUDE_FILE(*crtend.o) .ctors)
 *(SORT(.ctors.*))
 *(.ctors)
                0x3ffe8d6c                __init_array_end = ABSOLUTE (.)
 *crtbegin.o(.dtors)
 *(EXCLUDE_FILE(*crtend.o) .dtors)
 *(SORT(.dtors.*))
 *(.dtors)
                0x3ffe8d6c                __XT_EXCEPTION_DESCS_ = ABSOLUTE (.)
 *(.xt_except_desc)
 *(.gnu.linkonce.h.*)
                0x3ffe8d6c                __XT_EXCEPTION_DESCS_END__ = ABSOLUTE (.)
 *(.xt_except_desc_end)
 *(.dynamic)
 *(.gnu.version_d)
                0x3ffe8d6c                _rodata_end = ABSOLUTE (.)
                0x3ffe8d6c                _lit4_start = ABSOLUTE (.)
 *(*.lit4)
 *(.lit4.*)
 *(.gnu.linkonce.lit4.*)
                0x3ffe8d6c                _lit4_end = ABSOLUTE (.)
                0x3ffe8d6c                . = ALIGN (0x4)
                0x3ffe8d6c                _heap_start = ABSOLUTE (.)
                [!provide]                PROVIDE (SPI_sector_erase, 0x400040c0)
                [!provide]                PROVIDE (SPI_page_program, 0x40004174)
                [!provide]                PROVIDE (SPI_read_data, 0x400042ac)
                [!provide]                PROVIDE (SPI_read_status, 0x400043c8)
                [!provide]                PROVIDE (SPI_write_status, 0x40004400)
                [!provide]                PROVIDE (SPI_write_enable, 0x4000443c)
                [!provide]                PROVIDE (Wait_SPI_Idle, 0x4000448c)
                [!provide]                PROVIDE (Enable_QMode, 0x400044c0)
                [!provide]                PROVIDE (Disable_QMode, 0x40004508)
                0x40004678                PROVIDE (Cache_Read_Enable, 0x40004678)
                0x400047f0                PROVIDE (Cache_Read_Disable, 0x400047f0)
                [!provide]                PROVIDE (lldesc_build_chain, 0x40004f40)
                [!provide]                PROVIDE (lldesc_num2link, 0x40005050)
                [!provide]                PROVIDE (lldesc_set_owner, 0x4000507c)
                [!provide]                PROVIDE (__adddf3, 0x4000c538)
                [!provide]                PROVIDE (__addsf3, 0x4000c180)
                [!provide]                PROVIDE (__divdf3, 0x4000cb94)
                [!provide]                PROVIDE (__divdi3, 0x4000ce60)
                [!provide]                PROVIDE (__divsi3, 0x4000dc88)
                [!provide]                PROVIDE (__extendsfdf2, 0x4000cdfc)
                [!provide]                PROVIDE (__fixdfsi, 0x4000ccb8)
                [!provide]                PROVIDE (__fixunsdfsi, 0x4000cd00)
                [!provide]                PROVIDE (__fixunssfsi, 0x4000c4c4)
                [!provide]                PROVIDE (__floatsidf, 0x4000e2f0)
                [!provide]                PROVIDE (__floatsisf, 0x4000e2ac)
                [!provide]                PROVIDE (__floatunsidf, 0x4000e2e8)
                [!provide]                PROVIDE (__floatunsisf, 0x4000e2a4)
                [!provide]                PROVIDE (__muldf3, 0x4000c8f0)
                [!provide]                PROVIDE (__muldi3, 0x40000650)
                [!provide]                PROVIDE (__mulsf3, 0x4000c3dc)
                [!provide]                PROVIDE (__subdf3, 0x4000c688)
                [!provide]                PROVIDE (__subsf3, 0x4000c268)
                [!provide]                PROVIDE (__truncdfsf2, 0x4000cd5c)
                [!provide]                PROVIDE (__udivdi3, 0x4000d310)
                [!provide]                PROVIDE (__udivsi3, 0x4000e21c)
                [!provide]                PROVIDE (__umoddi3, 0x4000d770)
                [!provide]                PROVIDE (__umodsi3, 0x4000e268)
                [!provide]                PROVIDE (__umulsidi3, 0x4000dcf0)
                [!provide]                PROVIDE (bzero, 0x4000de84)
                [!provide]                PROVIDE (memcmp, 0x4000dea8)
                0x4000df48                PROVIDE (memcpy, 0x4000df48)
                [!provide]                PROVIDE (memmove, 0x4000e04c)
                0x4000e190                PROVIDE (memset, 0x4000e190)
                [!provide]                PROVIDE (strcmp, 0x4000bdc8)
                [!provide]                PROVIDE (strcpy, 0x4000bec8)
                [!provide]                PROVIDE (strlen, 0x4000bf4c)
                [!provide]                PROVIDE (strncmp, 0x4000bfa8)
                [!provide]                PROVIDE (strncpy, 0x4000c0a0)
                [!provide]                PROVIDE (strstr, 0x4000e1e0)
                [!provide]                PROVIDE (gpio_input_get, 0x40004cf0)
                [!provide]                PROVIDE (gpio_pin_wakeup_disable, 0x40004ed4)
                [!provide]                PROVIDE (gpio_pin_wakeup_enable, 0x40004e90)
                0x40001f00                PROVIDE (ets_io_vprintf, 0x40001f00)
                [!provide]                PROVIDE (ets_memcpy, 0x400018b4)
                0x40004b1c                PROVIDE (SPIRead, 0x40004b1c)
                0x4000dd38                PROVIDE (xthal_get_ccount, 0x4000dd38)
                0x400039d8                PROVIDE (uart_div_modify, 0x400039d8)
                [!provide]                PROVIDE (ets_io_vprintf, 0x40001f00)
OUTPUT(/home/thor/Share/ESP8266_RTOS_SDK/examples/protocols/mqtt_thor/build/bootloader/bootloader.elf elf32-xtensa-le)

.debug_frame    0x00000000      0x594
 .debug_frame   0x00000000       0x74 /home/thor/Share/ESP8266_RTOS_SDK/examples/protocols/mqtt_thor/build/bootloader/main/libmain.a(bootloader_start.o)
 .debug_frame   0x00000074       0x90 /home/thor/Share/ESP8266_RTOS_SDK/examples/protocols/mqtt_thor/build/bootloader/bootloader_support/libbootloader_support.a(bootloader_init.o)
 .debug_frame   0x00000104      0x100 /home/thor/Share/ESP8266_RTOS_SDK/examples/protocols/mqtt_thor/build/bootloader/bootloader_support/libbootloader_support.a(bootloader_utility.o)
 .debug_frame   0x00000204       0xd8 /home/thor/Share/ESP8266_RTOS_SDK/examples/protocols/mqtt_thor/build/bootloader/bootloader_support/libbootloader_support.a(bootloader_flash.o)
 .debug_frame   0x000002dc       0x50 /home/thor/Share/ESP8266_RTOS_SDK/examples/protocols/mqtt_thor/build/bootloader/bootloader_support/libbootloader_support.a(bootloader_common.o)
 .debug_frame   0x0000032c       0x38 /home/thor/Share/ESP8266_RTOS_SDK/examples/protocols/mqtt_thor/build/bootloader/bootloader_support/libbootloader_support.a(flash_partitions.o)
 .debug_frame   0x00000364      0x138 /home/thor/Share/ESP8266_RTOS_SDK/examples/protocols/mqtt_thor/build/bootloader/bootloader_support/libbootloader_support.a(esp_image_format.o)
 .debug_frame   0x0000049c       0x58 /home/thor/Share/ESP8266_RTOS_SDK/examples/protocols/mqtt_thor/build/bootloader/log/liblog.a(log.o)
 .debug_frame   0x000004f4       0x60 /home/thor/Share/ESP8266_RTOS_SDK/examples/protocols/mqtt_thor/build/bootloader/esp8266/libesp8266.a(ets_printf.o)
 .debug_frame   0x00000554       0x40 /home/thor/Share/ESP8266_RTOS_SDK/examples/protocols/mqtt_thor/build/bootloader/util/libutil.a(crc.o)

.debug_info     0x00000000     0x3618
 .debug_info    0x00000000      0x4fc /home/thor/Share/ESP8266_RTOS_SDK/examples/protocols/mqtt_thor/build/bootloader/main/libmain.a(bootloader_start.o)
 .debug_info    0x000004fc      0x48a /home/thor/Share/ESP8266_RTOS_SDK/examples/protocols/mqtt_thor/build/bootloader/bootloader_support/libbootloader_support.a(bootloader_init.o)
 .debug_info    0x00000986      0xd3c /home/thor/Share/ESP8266_RTOS_SDK/examples/protocols/mqtt_thor/build/bootloader/bootloader_support/libbootloader_support.a(bootloader_utility.o)
 .debug_info    0x000016c2      0x575 /home/thor/Share/ESP8266_RTOS_SDK/examples/protocols/mqtt_thor/build/bootloader/bootloader_support/libbootloader_support.a(bootloader_flash.o)
 .debug_info    0x00001c37      0x18f /home/thor/Share/ESP8266_RTOS_SDK/examples/protocols/mqtt_thor/build/bootloader/bootloader_support/libbootloader_support.a(bootloader_common.o)
 .debug_info    0x00001dc6      0x367 /home/thor/Share/ESP8266_RTOS_SDK/examples/protocols/mqtt_thor/build/bootloader/bootloader_support/libbootloader_support.a(flash_partitions.o)
 .debug_info    0x0000212d      0xcce /home/thor/Share/ESP8266_RTOS_SDK/examples/protocols/mqtt_thor/build/bootloader/bootloader_support/libbootloader_support.a(esp_image_format.o)
 .debug_info    0x00002dfb      0x2c7 /home/thor/Share/ESP8266_RTOS_SDK/examples/protocols/mqtt_thor/build/bootloader/log/liblog.a(log.o)
 .debug_info    0x000030c2      0x1d7 /home/thor/Share/ESP8266_RTOS_SDK/examples/protocols/mqtt_thor/build/bootloader/esp8266/libesp8266.a(ets_printf.o)
 .debug_info    0x00003299      0x1cd /home/thor/Share/ESP8266_RTOS_SDK/examples/protocols/mqtt_thor/build/bootloader/util/libutil.a(crc.o)
 .debug_info    0x00003466       0xd9 /home/thor/esp/xtensa-lx106-elf/bin/../lib/gcc/xtensa-lx106-elf/4.8.5/libgcc.a(_udivsi3.o)
 .debug_info    0x0000353f       0xd9 /home/thor/esp/xtensa-lx106-elf/bin/../lib/gcc/xtensa-lx106-elf/4.8.5/libgcc.a(_umodsi3.o)

.debug_abbrev   0x00000000      0xfc0
 .debug_abbrev  0x00000000      0x1dc /home/thor/Share/ESP8266_RTOS_SDK/examples/protocols/mqtt_thor/build/bootloader/main/libmain.a(bootloader_start.o)
 .debug_abbrev  0x000001dc      0x1af /home/thor/Share/ESP8266_RTOS_SDK/examples/protocols/mqtt_thor/build/bootloader/bootloader_support/libbootloader_support.a(bootloader_init.o)
 .debug_abbrev  0x0000038b      0x279 /home/thor/Share/ESP8266_RTOS_SDK/examples/protocols/mqtt_thor/build/bootloader/bootloader_support/libbootloader_support.a(bootloader_utility.o)
 .debug_abbrev  0x00000604      0x1d2 /home/thor/Share/ESP8266_RTOS_SDK/examples/protocols/mqtt_thor/build/bootloader/bootloader_support/libbootloader_support.a(bootloader_flash.o)
 .debug_abbrev  0x000007d6       0xe2 /home/thor/Share/ESP8266_RTOS_SDK/examples/protocols/mqtt_thor/build/bootloader/bootloader_support/libbootloader_support.a(bootloader_common.o)
 .debug_abbrev  0x000008b8      0x188 /home/thor/Share/ESP8266_RTOS_SDK/examples/protocols/mqtt_thor/build/bootloader/bootloader_support/libbootloader_support.a(flash_partitions.o)
 .debug_abbrev  0x00000a40      0x207 /home/thor/Share/ESP8266_RTOS_SDK/examples/protocols/mqtt_thor/build/bootloader/bootloader_support/libbootloader_support.a(esp_image_format.o)
 .debug_abbrev  0x00000c47      0x194 /home/thor/Share/ESP8266_RTOS_SDK/examples/protocols/mqtt_thor/build/bootloader/log/liblog.a(log.o)
 .debug_abbrev  0x00000ddb      0x10e /home/thor/Share/ESP8266_RTOS_SDK/examples/protocols/mqtt_thor/build/bootloader/esp8266/libesp8266.a(ets_printf.o)
 .debug_abbrev  0x00000ee9       0xaf /home/thor/Share/ESP8266_RTOS_SDK/examples/protocols/mqtt_thor/build/bootloader/util/libutil.a(crc.o)
 .debug_abbrev  0x00000f98       0x14 /home/thor/esp/xtensa-lx106-elf/bin/../lib/gcc/xtensa-lx106-elf/4.8.5/libgcc.a(_udivsi3.o)
 .debug_abbrev  0x00000fac       0x14 /home/thor/esp/xtensa-lx106-elf/bin/../lib/gcc/xtensa-lx106-elf/4.8.5/libgcc.a(_umodsi3.o)

.debug_loc      0x00000000     0x1890
 .debug_loc     0x00000000       0x76 /home/thor/Share/ESP8266_RTOS_SDK/examples/protocols/mqtt_thor/build/bootloader/main/libmain.a(bootloader_start.o)
 .debug_loc     0x00000076       0xd5 /home/thor/Share/ESP8266_RTOS_SDK/examples/protocols/mqtt_thor/build/bootloader/bootloader_support/libbootloader_support.a(bootloader_init.o)
 .debug_loc     0x0000014b      0x58e /home/thor/Share/ESP8266_RTOS_SDK/examples/protocols/mqtt_thor/build/bootloader/bootloader_support/libbootloader_support.a(bootloader_utility.o)
 .debug_loc     0x000006d9      0x367 /home/thor/Share/ESP8266_RTOS_SDK/examples/protocols/mqtt_thor/build/bootloader/bootloader_support/libbootloader_support.a(bootloader_flash.o)
 .debug_loc     0x00000a40       0x66 /home/thor/Share/ESP8266_RTOS_SDK/examples/protocols/mqtt_thor/build/bootloader/bootloader_support/libbootloader_support.a(bootloader_common.o)
 .debug_loc     0x00000aa6       0xf5 /home/thor/Share/ESP8266_RTOS_SDK/examples/protocols/mqtt_thor/build/bootloader/bootloader_support/libbootloader_support.a(flash_partitions.o)
 .debug_loc     0x00000b9b      0xa34 /home/thor/Share/ESP8266_RTOS_SDK/examples/protocols/mqtt_thor/build/bootloader/bootloader_support/libbootloader_support.a(esp_image_format.o)
 .debug_loc     0x000015cf       0xce /home/thor/Share/ESP8266_RTOS_SDK/examples/protocols/mqtt_thor/build/bootloader/log/liblog.a(log.o)
 .debug_loc     0x0000169d       0x60 /home/thor/Share/ESP8266_RTOS_SDK/examples/protocols/mqtt_thor/build/bootloader/esp8266/libesp8266.a(ets_printf.o)
 .debug_loc     0x000016fd      0x193 /home/thor/Share/ESP8266_RTOS_SDK/examples/protocols/mqtt_thor/build/bootloader/util/libutil.a(crc.o)

.debug_aranges  0x00000000      0x270
 .debug_aranges
                0x00000000       0x30 /home/thor/Share/ESP8266_RTOS_SDK/examples/protocols/mqtt_thor/build/bootloader/main/libmain.a(bootloader_start.o)
 .debug_aranges
                0x00000030       0x38 /home/thor/Share/ESP8266_RTOS_SDK/examples/protocols/mqtt_thor/build/bootloader/bootloader_support/libbootloader_support.a(bootloader_init.o)
 .debug_aranges
                0x00000068       0x50 /home/thor/Share/ESP8266_RTOS_SDK/examples/protocols/mqtt_thor/build/bootloader/bootloader_support/libbootloader_support.a(bootloader_utility.o)
 .debug_aranges
                0x000000b8       0x48 /home/thor/Share/ESP8266_RTOS_SDK/examples/protocols/mqtt_thor/build/bootloader/bootloader_support/libbootloader_support.a(bootloader_flash.o)
 .debug_aranges
                0x00000100       0x28 /home/thor/Share/ESP8266_RTOS_SDK/examples/protocols/mqtt_thor/build/bootloader/bootloader_support/libbootloader_support.a(bootloader_common.o)
 .debug_aranges
                0x00000128       0x20 /home/thor/Share/ESP8266_RTOS_SDK/examples/protocols/mqtt_thor/build/bootloader/bootloader_support/libbootloader_support.a(flash_partitions.o)
 .debug_aranges
                0x00000148       0x60 /home/thor/Share/ESP8266_RTOS_SDK/examples/protocols/mqtt_thor/build/bootloader/bootloader_support/libbootloader_support.a(esp_image_format.o)
 .debug_aranges
                0x000001a8       0x28 /home/thor/Share/ESP8266_RTOS_SDK/examples/protocols/mqtt_thor/build/bootloader/log/liblog.a(log.o)
 .debug_aranges
                0x000001d0       0x30 /home/thor/Share/ESP8266_RTOS_SDK/examples/protocols/mqtt_thor/build/bootloader/esp8266/libesp8266.a(ets_printf.o)
 .debug_aranges
                0x00000200       0x30 /home/thor/Share/ESP8266_RTOS_SDK/examples/protocols/mqtt_thor/build/bootloader/util/libutil.a(crc.o)
 .debug_aranges
                0x00000230       0x20 /home/thor/esp/xtensa-lx106-elf/bin/../lib/gcc/xtensa-lx106-elf/4.8.5/libgcc.a(_udivsi3.o)
 .debug_aranges
                0x00000250       0x20 /home/thor/esp/xtensa-lx106-elf/bin/../lib/gcc/xtensa-lx106-elf/4.8.5/libgcc.a(_umodsi3.o)

.debug_ranges   0x00000000      0x1f0
 .debug_ranges  0x00000000       0x20 /home/thor/Share/ESP8266_RTOS_SDK/examples/protocols/mqtt_thor/build/bootloader/main/libmain.a(bootloader_start.o)
 .debug_ranges  0x00000020       0x28 /home/thor/Share/ESP8266_RTOS_SDK/examples/protocols/mqtt_thor/build/bootloader/bootloader_support/libbootloader_support.a(bootloader_init.o)
 .debug_ranges  0x00000048       0x58 /home/thor/Share/ESP8266_RTOS_SDK/examples/protocols/mqtt_thor/build/bootloader/bootloader_support/libbootloader_support.a(bootloader_utility.o)
 .debug_ranges  0x000000a0       0x38 /home/thor/Share/ESP8266_RTOS_SDK/examples/protocols/mqtt_thor/build/bootloader/bootloader_support/libbootloader_support.a(bootloader_flash.o)
 .debug_ranges  0x000000d8       0x18 /home/thor/Share/ESP8266_RTOS_SDK/examples/protocols/mqtt_thor/build/bootloader/bootloader_support/libbootloader_support.a(bootloader_common.o)
 .debug_ranges  0x000000f0       0x40 /home/thor/Share/ESP8266_RTOS_SDK/examples/protocols/mqtt_thor/build/bootloader/bootloader_support/libbootloader_support.a(flash_partitions.o)
 .debug_ranges  0x00000130       0x68 /home/thor/Share/ESP8266_RTOS_SDK/examples/protocols/mqtt_thor/build/bootloader/bootloader_support/libbootloader_support.a(esp_image_format.o)
 .debug_ranges  0x00000198       0x18 /home/thor/Share/ESP8266_RTOS_SDK/examples/protocols/mqtt_thor/build/bootloader/log/liblog.a(log.o)
 .debug_ranges  0x000001b0       0x20 /home/thor/Share/ESP8266_RTOS_SDK/examples/protocols/mqtt_thor/build/bootloader/esp8266/libesp8266.a(ets_printf.o)
 .debug_ranges  0x000001d0       0x20 /home/thor/Share/ESP8266_RTOS_SDK/examples/protocols/mqtt_thor/build/bootloader/util/libutil.a(crc.o)

.debug_line     0x00000000     0x24f5
 .debug_line    0x00000000      0x32b /home/thor/Share/ESP8266_RTOS_SDK/examples/protocols/mqtt_thor/build/bootloader/main/libmain.a(bootloader_start.o)
 .debug_line    0x0000032b      0x455 /home/thor/Share/ESP8266_RTOS_SDK/examples/protocols/mqtt_thor/build/bootloader/bootloader_support/libbootloader_support.a(bootloader_init.o)
 .debug_line    0x00000780      0x768 /home/thor/Share/ESP8266_RTOS_SDK/examples/protocols/mqtt_thor/build/bootloader/bootloader_support/libbootloader_support.a(bootloader_utility.o)
 .debug_line    0x00000ee8      0x33d /home/thor/Share/ESP8266_RTOS_SDK/examples/protocols/mqtt_thor/build/bootloader/bootloader_support/libbootloader_support.a(bootloader_flash.o)
 .debug_line    0x00001225      0x1a3 /home/thor/Share/ESP8266_RTOS_SDK/examples/protocols/mqtt_thor/build/bootloader/bootloader_support/libbootloader_support.a(bootloader_common.o)
 .debug_line    0x000013c8      0x272 /home/thor/Share/ESP8266_RTOS_SDK/examples/protocols/mqtt_thor/build/bootloader/bootloader_support/libbootloader_support.a(flash_partitions.o)
 .debug_line    0x0000163a      0x6c4 /home/thor/Share/ESP8266_RTOS_SDK/examples/protocols/mqtt_thor/build/bootloader/bootloader_support/libbootloader_support.a(esp_image_format.o)
 .debug_line    0x00001cfe      0x270 /home/thor/Share/ESP8266_RTOS_SDK/examples/protocols/mqtt_thor/build/bootloader/log/liblog.a(log.o)
 .debug_line    0x00001f6e      0x1c7 /home/thor/Share/ESP8266_RTOS_SDK/examples/protocols/mqtt_thor/build/bootloader/esp8266/libesp8266.a(ets_printf.o)
 .debug_line    0x00002135      0x1b8 /home/thor/Share/ESP8266_RTOS_SDK/examples/protocols/mqtt_thor/build/bootloader/util/libutil.a(crc.o)
 .debug_line    0x000022ed      0x11c /home/thor/esp/xtensa-lx106-elf/bin/../lib/gcc/xtensa-lx106-elf/4.8.5/libgcc.a(_udivsi3.o)
 .debug_line    0x00002409       0xec /home/thor/esp/xtensa-lx106-elf/bin/../lib/gcc/xtensa-lx106-elf/4.8.5/libgcc.a(_umodsi3.o)

.debug_str      0x00000000     0x101e
 .debug_str     0x00000000      0x47c /home/thor/Share/ESP8266_RTOS_SDK/examples/protocols/mqtt_thor/build/bootloader/main/libmain.a(bootloader_start.o)
                                0x4ed (size before relaxing)
 .debug_str     0x0000047c      0x2d7 /home/thor/Share/ESP8266_RTOS_SDK/examples/protocols/mqtt_thor/build/bootloader/bootloader_support/libbootloader_support.a(bootloader_init.o)
                                0x55c (size before relaxing)
 .debug_str     0x00000753      0x254 /home/thor/Share/ESP8266_RTOS_SDK/examples/protocols/mqtt_thor/build/bootloader/bootloader_support/libbootloader_support.a(bootloader_utility.o)
                                0x6e6 (size before relaxing)
 .debug_str     0x000009a7      0x178 /home/thor/Share/ESP8266_RTOS_SDK/examples/protocols/mqtt_thor/build/bootloader/bootloader_support/libbootloader_support.a(bootloader_flash.o)
                                0x3f4 (size before relaxing)
 .debug_str     0x00000b1f       0x80 /home/thor/Share/ESP8266_RTOS_SDK/examples/protocols/mqtt_thor/build/bootloader/bootloader_support/libbootloader_support.a(bootloader_common.o)
                                0x245 (size before relaxing)
 .debug_str     0x00000b9f       0x89 /home/thor/Share/ESP8266_RTOS_SDK/examples/protocols/mqtt_thor/build/bootloader/bootloader_support/libbootloader_support.a(flash_partitions.o)
                                0x349 (size before relaxing)
 .debug_str     0x00000c28      0x1ac /home/thor/Share/ESP8266_RTOS_SDK/examples/protocols/mqtt_thor/build/bootloader/bootloader_support/libbootloader_support.a(esp_image_format.o)
                                0x797 (size before relaxing)
 .debug_str     0x00000dd4      0x120 /home/thor/Share/ESP8266_RTOS_SDK/examples/protocols/mqtt_thor/build/bootloader/log/liblog.a(log.o)
                                0x2c6 (size before relaxing)
 .debug_str     0x00000ef4       0xc0 /home/thor/Share/ESP8266_RTOS_SDK/examples/protocols/mqtt_thor/build/bootloader/esp8266/libesp8266.a(ets_printf.o)
                                0x1fb (size before relaxing)
 .debug_str     0x00000fb4       0x6a /home/thor/Share/ESP8266_RTOS_SDK/examples/protocols/mqtt_thor/build/bootloader/util/libutil.a(crc.o)
                                0x16c (size before relaxing)

.comment        0x00000000       0x3a
 .comment       0x00000000       0x3a /home/thor/Share/ESP8266_RTOS_SDK/examples/protocols/mqtt_thor/build/bootloader/main/libmain.a(bootloader_start.o)
                                 0x3b (size before relaxing)
 .comment       0x0000003a       0x3b /home/thor/Share/ESP8266_RTOS_SDK/examples/protocols/mqtt_thor/build/bootloader/bootloader_support/libbootloader_support.a(bootloader_init.o)
 .comment       0x0000003a       0x3b /home/thor/Share/ESP8266_RTOS_SDK/examples/protocols/mqtt_thor/build/bootloader/bootloader_support/libbootloader_support.a(bootloader_utility.o)
 .comment       0x0000003a       0x3b /home/thor/Share/ESP8266_RTOS_SDK/examples/protocols/mqtt_thor/build/bootloader/bootloader_support/libbootloader_support.a(bootloader_flash.o)
 .comment       0x0000003a       0x3b /home/thor/Share/ESP8266_RTOS_SDK/examples/protocols/mqtt_thor/build/bootloader/bootloader_support/libbootloader_support.a(bootloader_common.o)
 .comment       0x0000003a       0x3b /home/thor/Share/ESP8266_RTOS_SDK/examples/protocols/mqtt_thor/build/bootloader/bootloader_support/libbootloader_support.a(flash_partitions.o)
 .comment       0x0000003a       0x3b /home/thor/Share/ESP8266_RTOS_SDK/examples/protocols/mqtt_thor/build/bootloader/bootloader_support/libbootloader_support.a(esp_image_format.o)
 .comment       0x0000003a       0x3b /home/thor/Share/ESP8266_RTOS_SDK/examples/protocols/mqtt_thor/build/bootloader/log/liblog.a(log.o)
 .comment       0x0000003a       0x3b /home/thor/Share/ESP8266_RTOS_SDK/examples/protocols/mqtt_thor/build/bootloader/esp8266/libesp8266.a(ets_printf.o)
 .comment       0x0000003a       0x3b /home/thor/Share/ESP8266_RTOS_SDK/examples/protocols/mqtt_thor/build/bootloader/util/libutil.a(crc.o)

.xtensa.info    0x00000000       0x38
 .xtensa.info   0x00000000       0x38 /home/thor/Share/ESP8266_RTOS_SDK/examples/protocols/mqtt_thor/build/bootloader/main/libmain.a(bootloader_start.o)
 .xtensa.info   0x00000038        0x0 /home/thor/Share/ESP8266_RTOS_SDK/examples/protocols/mqtt_thor/build/bootloader/bootloader_support/libbootloader_support.a(bootloader_init.o)
 .xtensa.info   0x00000038        0x0 /home/thor/Share/ESP8266_RTOS_SDK/examples/protocols/mqtt_thor/build/bootloader/bootloader_support/libbootloader_support.a(bootloader_utility.o)
 .xtensa.info   0x00000038        0x0 /home/thor/Share/ESP8266_RTOS_SDK/examples/protocols/mqtt_thor/build/bootloader/bootloader_support/libbootloader_support.a(bootloader_flash.o)
 .xtensa.info   0x00000038        0x0 /home/thor/Share/ESP8266_RTOS_SDK/examples/protocols/mqtt_thor/build/bootloader/bootloader_support/libbootloader_support.a(bootloader_common.o)
 .xtensa.info   0x00000038        0x0 /home/thor/Share/ESP8266_RTOS_SDK/examples/protocols/mqtt_thor/build/bootloader/bootloader_support/libbootloader_support.a(flash_partitions.o)
 .xtensa.info   0x00000038        0x0 /home/thor/Share/ESP8266_RTOS_SDK/examples/protocols/mqtt_thor/build/bootloader/bootloader_support/libbootloader_support.a(esp_image_format.o)
 .xtensa.info   0x00000038        0x0 /home/thor/Share/ESP8266_RTOS_SDK/examples/protocols/mqtt_thor/build/bootloader/log/liblog.a(log.o)
 .xtensa.info   0x00000038        0x0 /home/thor/Share/ESP8266_RTOS_SDK/examples/protocols/mqtt_thor/build/bootloader/esp8266/libesp8266.a(ets_printf.o)
 .xtensa.info   0x00000038        0x0 /home/thor/Share/ESP8266_RTOS_SDK/examples/protocols/mqtt_thor/build/bootloader/util/libutil.a(crc.o)
 .xtensa.info   0x00000038        0x0 /home/thor/esp/xtensa-lx106-elf/bin/../lib/gcc/xtensa-lx106-elf/4.8.5/libgcc.a(_udivsi3.o)
 .xtensa.info   0x00000038        0x0 /home/thor/esp/xtensa-lx106-elf/bin/../lib/gcc/xtensa-lx106-elf/4.8.5/libgcc.a(_umodsi3.o)
